../Core/Src/main.c:66:6:motor_running	8	static
../Core/Src/main.c:73:6:motor_stop	8	static
../Core/Src/main.c:83:6:Motor_State_Machine	8	static
../Core/Src/main.c:136:6:HAL_TIM_PeriodElapsedCallback	16	static
../Core/Src/main.c:160:6:HAL_UART_RxCpltCallback	16	static
../Core/Src/main.c:189:5:main	8	static
../Core/Src/main.c:212:6:SystemClock_Config	88	static
../Core/Src/main.c:259:13:MX_TIM2_Init	32	static
../Core/Src/main.c:304:13:MX_TIM3_Init	32	static
../Core/Src/main.c:349:13:MX_USART2_UART_Init	8	static
../Core/Src/main.c:382:13:MX_GPIO_Init	48	static
../Core/Src/main.c:418:6:Error_Handler	4	static,ignoring_inline_asm
